<html>
<body>
<pre>
<h1>µVision Build Log</h1>
<h2>Tool Versions:</h2>
IDE-Version: ¦ÌVision V5.43.1.0
Copyright (C) 2025 ARM Ltd and ARM Germany GmbH. All rights reserved.
License Information: 1 1, 1, LIC=ATTQ1-C9M68-DYSV3-AVV6T-LC2LN-S0JAI
 
Tool Versions:
Toolchain:       MDK-ARM Plus  Version: 5.43.0.0
Toolchain Path:  C:\Keil_v5\ARM\ARMCLANG\Bin
C Compiler:      ArmClang.exe V6.24
Assembler:       Armasm.exe V6.24
Linker/Locator:  ArmLink.exe V6.24
Library Manager: ArmAr.exe V6.24
Hex Converter:   FromElf.exe V6.24
CPU DLL:         SARMCM3.DLL V5.43.0.0
Dialog DLL:      DCM.DLL V1.17.5.0
Target DLL:      STLink\ST-LINKIII-KEIL_SWO.dll V3.3.1.0
Dialog DLL:      TCM.DLL V1.56.6.0
 
<h2>Project:</h2>
C:\Users\HP\Documents\stm32103c8t6\MDK-ARM\stm32103c8t6.uvprojx
Project File Date:  04/16/2026

<h2>Output:</h2>
*** Using Compiler 'V6.24', folder: 'C:\Keil_v5\ARM\ARMCLANG\Bin'
Rebuild target 'stm32103c8t6'
compiling stm32f1xx_it.c...
compiling stm32f1xx_hal.c...
compiling stm32f1xx_hal_rcc_ex.c...
compiling stm32f1xx_hal_rcc.c...
compiling stm32f1xx_hal_pwr.c...
compiling stm32f1xx_hal_gpio.c...
compiling stm32f1xx_hal_cortex.c...
compiling stm32f1xx_hal_gpio_ex.c...
compiling stm32f1xx_hal_msp.c...
assembling startup_stm32f103xb.s...
compiling main.c...
compiling stm32f1xx_hal_dma.c...
compiling stm32f1xx_hal_flash.c...
compiling stm32f1xx_hal_exti.c...
compiling system_stm32f1xx.c...
compiling stm32f1xx_hal_flash_ex.c...
compiling stm32f1xx_hal_spi.c...
compiling stm32f1xx_hal_uart.c...
linking...
Program Size: Code=13328 RO-data=572 RW-data=12 ZI-data=1260  
FromELF: creating hex file...
"stm32103c8t6\stm32103c8t6.axf" - 0 Error(s), 0 Warning(s).

<h2>Software Packages used:</h2>

Package Vendor: ARM
                https://www.keil.com/pack/ARM.CMSIS.6.3.0.pack
                ARM::CMSIS@6.3.0
                CMSIS (Common Microcontroller Software Interface Standard)
   * Component: CORE Version: 6.2.0

Package Vendor: Keil
                https://www.keil.com/pack/Keil.STM32F1xx_DFP.2.4.1.pack
                Keil::STM32F1xx_DFP@2.4.1
                STMicroelectronics STM32F1 Series Device Support, Drivers and Examples

<h2>Collection of Component include folders:</h2>
  ./RTE/_stm32103c8t6
  C:/Keil_v5/ARM/PACK/ARM/CMSIS/6.3.0/CMSIS/Core/Include
  C:/Keil_v5/ARM/PACK/Keil/STM32F1xx_DFP/2.4.1/Device/Include

<h2>Collection of Component Files used:</h2>

   * Component: ARM::CMSIS:CORE@6.2.0
      Include file:  CMSIS/Core/Include/tz_context.h
Build Time Elapsed:  00:00:01
</pre>
</body>
</html>
